// Jest Snapshot v1, https://goo.gl/fbAQLP

exports[`the sprite maker hook exposes the underlying context: and has a default sprite state 1`] = `"0000000000000000"`;

exports[`the sprite maker provider renders as expected 1`] = `
<DocumentFragment>
  TEST
</DocumentFragment>
`;
